nohup: ignoring input
2025-09-25 20:44:42,136 - __main__ - INFO - Iniciando ejecución paralela de experimentos
INFO:__main__:Iniciando ejecución paralela de experimentos
2025-09-25 20:44:42,136 - backtracking_thread1 - INFO - Experimento backtracking
INFO:backtracking_thread1:Experimento backtracking
2025-09-25 20:44:42,137 - backtracking_thread1 - INFO - Experimento backtracking para n = 8
INFO:backtracking_thread1:Experimento backtracking para n = 8
2025-09-25 20:44:42,137 - backtracking_thread1 - INFO - Repetición 0 para n = 8
INFO:backtracking_thread1:Repetición 0 para n = 8
2025-09-25 20:44:42,138 - backtracking_thread1 - INFO - Repetición 1 para n = 8
INFO:backtracking_thread1:Repetición 1 para n = 8
2025-09-25 20:44:42,139 - backtracking_thread1 - INFO - Repetición 2 para n = 8
INFO:backtracking_thread1:Repetición 2 para n = 8
2025-09-25 20:44:42,141 - backtracking_thread1 - INFO - Repetición 3 para n = 8
INFO:backtracking_thread1:Repetición 3 para n = 8
2025-09-25 20:44:42,142 - backtracking_thread1 - INFO - Experimento backtracking para n = 10
INFO:backtracking_thread1:Experimento backtracking para n = 10
2025-09-25 20:44:42,142 - backtracking_thread1 - INFO - Repetición 0 para n = 10
INFO:backtracking_thread1:Repetición 0 para n = 10
2025-09-25 20:44:42,142 - forward_checking_thread2 - INFO - Experimento forward checking
2025-09-25 20:44:42,144 - backtracking_thread1 - INFO - Repetición 1 para n = 10
2025-09-25 20:44:42,144 - forward_checking_MRV_thread3 - INFO - Experimento forward checking MRV
INFO:forward_checking_thread2:Experimento forward checking
2025-09-25 20:44:42,145 - __main__ - INFO - Esperando resultados de todos los experimentos...
2025-09-25 20:44:42,145 - forward_checking_thread2 - INFO - Experimento forward checking para n = 8
INFO:forward_checking_MRV_thread3:Experimento forward checking MRV
2025-09-25 20:44:42,145 - forward_checking_MRV_thread3 - INFO - Experimento forward checking MRV para n = 8
INFO:backtracking_thread1:Repetición 1 para n = 10
2025-09-25 20:44:42,147 - backtracking_thread1 - INFO - Repetición 2 para n = 10
INFO:__main__:Esperando resultados de todos los experimentos...
INFO:forward_checking_thread2:Experimento forward checking para n = 8
2025-09-25 20:44:42,147 - forward_checking_thread2 - INFO - Repetición 0 para n = 8
INFO:forward_checking_MRV_thread3:Experimento forward checking MRV para n = 8
2025-09-25 20:44:42,148 - forward_checking_MRV_thread3 - INFO - Repetición 0 para n = 8
INFO:backtracking_thread1:Repetición 2 para n = 10
2025-09-25 20:44:42,149 - backtracking_thread1 - INFO - Repetición 3 para n = 10
INFO:forward_checking_thread2:Repetición 0 para n = 8
2025-09-25 20:44:42,150 - forward_checking_thread2 - INFO - Repetición 1 para n = 8
INFO:forward_checking_MRV_thread3:Repetición 0 para n = 8
2025-09-25 20:44:42,151 - forward_checking_MRV_thread3 - INFO - Repetición 1 para n = 8
INFO:backtracking_thread1:Repetición 3 para n = 10
2025-09-25 20:44:42,152 - backtracking_thread1 - INFO - Experimento backtracking para n = 12
INFO:forward_checking_thread2:Repetición 1 para n = 8
2025-09-25 20:44:42,153 - forward_checking_thread2 - INFO - Repetición 2 para n = 8
INFO:forward_checking_MRV_thread3:Repetición 1 para n = 8
2025-09-25 20:44:42,153 - forward_checking_MRV_thread3 - INFO - Repetición 2 para n = 8
INFO:backtracking_thread1:Experimento backtracking para n = 12
2025-09-25 20:44:42,154 - backtracking_thread1 - INFO - Repetición 0 para n = 12
INFO:forward_checking_thread2:Repetición 2 para n = 8
2025-09-25 20:44:42,154 - forward_checking_thread2 - INFO - Repetición 3 para n = 8
INFO:forward_checking_MRV_thread3:Repetición 2 para n = 8
2025-09-25 20:44:42,155 - forward_checking_MRV_thread3 - INFO - Repetición 3 para n = 8
INFO:backtracking_thread1:Repetición 0 para n = 12
INFO:forward_checking_thread2:Repetición 3 para n = 8
2025-09-25 20:44:42,161 - backtracking_thread1 - INFO - Repetición 1 para n = 12
2025-09-25 20:44:42,162 - forward_checking_thread2 - INFO - Experimento forward checking para n = 10
INFO:forward_checking_MRV_thread3:Repetición 3 para n = 8
2025-09-25 20:44:42,162 - forward_checking_MRV_thread3 - INFO - Experimento forward checking MRV para n = 10
INFO:backtracking_thread1:Repetición 1 para n = 12
INFO:forward_checking_thread2:Experimento forward checking para n = 10
2025-09-25 20:44:42,169 - backtracking_thread1 - INFO - Repetición 2 para n = 12
2025-09-25 20:44:42,169 - forward_checking_thread2 - INFO - Repetición 0 para n = 10
INFO:forward_checking_MRV_thread3:Experimento forward checking MRV para n = 10
2025-09-25 20:44:42,169 - forward_checking_MRV_thread3 - INFO - Repetición 0 para n = 10
INFO:backtracking_thread1:Repetición 2 para n = 12
INFO:forward_checking_thread2:Repetición 0 para n = 10
2025-09-25 20:44:42,176 - backtracking_thread1 - INFO - Repetición 3 para n = 12
2025-09-25 20:44:42,176 - forward_checking_thread2 - INFO - Repetición 1 para n = 10
INFO:forward_checking_MRV_thread3:Repetición 0 para n = 10
2025-09-25 20:44:42,177 - forward_checking_MRV_thread3 - INFO - Repetición 1 para n = 10
INFO:forward_checking_thread2:Repetición 1 para n = 10
2025-09-25 20:44:42,177 - forward_checking_thread2 - INFO - Repetición 2 para n = 10
INFO:backtracking_thread1:Repetición 3 para n = 12
INFO:forward_checking_MRV_thread3:Repetición 1 para n = 10
2025-09-25 20:44:42,183 - forward_checking_MRV_thread3 - INFO - Repetición 2 para n = 10
2025-09-25 20:44:42,186 - backtracking_thread1 - INFO - Experimento backtracking para n = 14
INFO:forward_checking_thread2:Repetición 2 para n = 10
2025-09-25 20:44:42,186 - forward_checking_thread2 - INFO - Repetición 3 para n = 10
INFO:forward_checking_MRV_thread3:Repetición 2 para n = 10
2025-09-25 20:44:42,186 - forward_checking_MRV_thread3 - INFO - Repetición 3 para n = 10
INFO:backtracking_thread1:Experimento backtracking para n = 14
2025-09-25 20:44:42,187 - backtracking_thread1 - INFO - Repetición 0 para n = 14
INFO:forward_checking_thread2:Repetición 3 para n = 10
2025-09-25 20:44:42,187 - forward_checking_thread2 - INFO - Experimento forward checking para n = 12
INFO:forward_checking_MRV_thread3:Repetición 3 para n = 10
2025-09-25 20:44:42,188 - forward_checking_MRV_thread3 - INFO - Experimento forward checking MRV para n = 12
INFO:backtracking_thread1:Repetición 0 para n = 14
INFO:forward_checking_thread2:Experimento forward checking para n = 12
2025-09-25 20:44:42,198 - forward_checking_thread2 - INFO - Repetición 0 para n = 12
INFO:forward_checking_MRV_thread3:Experimento forward checking MRV para n = 12
2025-09-25 20:44:42,209 - forward_checking_MRV_thread3 - INFO - Repetición 0 para n = 12
INFO:forward_checking_thread2:Repetición 0 para n = 12
2025-09-25 20:44:42,215 - forward_checking_thread2 - INFO - Repetición 1 para n = 12
INFO:forward_checking_MRV_thread3:Repetición 0 para n = 12
2025-09-25 20:44:42,227 - forward_checking_MRV_thread3 - INFO - Repetición 1 para n = 12
INFO:forward_checking_thread2:Repetición 1 para n = 12
2025-09-25 20:44:42,233 - forward_checking_thread2 - INFO - Repetición 2 para n = 12
INFO:forward_checking_MRV_thread3:Repetición 1 para n = 12
2025-09-25 20:44:42,240 - forward_checking_MRV_thread3 - INFO - Repetición 2 para n = 12
INFO:forward_checking_thread2:Repetición 2 para n = 12
2025-09-25 20:44:42,251 - forward_checking_thread2 - INFO - Repetición 3 para n = 12
INFO:forward_checking_MRV_thread3:Repetición 2 para n = 12
2025-09-25 20:44:42,258 - forward_checking_MRV_thread3 - INFO - Repetición 3 para n = 12
INFO:forward_checking_thread2:Repetición 3 para n = 12
2025-09-25 20:44:42,264 - forward_checking_thread2 - INFO - Experimento forward checking para n = 14
2025-09-25 20:44:42,264 - backtracking_thread1 - INFO - Repetición 1 para n = 14
INFO:forward_checking_MRV_thread3:Repetición 3 para n = 12
2025-09-25 20:44:42,266 - forward_checking_MRV_thread3 - INFO - Experimento forward checking MRV para n = 14
INFO:forward_checking_thread2:Experimento forward checking para n = 14
2025-09-25 20:44:42,266 - forward_checking_thread2 - INFO - Repetición 0 para n = 14
INFO:backtracking_thread1:Repetición 1 para n = 14
INFO:forward_checking_MRV_thread3:Experimento forward checking MRV para n = 14
2025-09-25 20:44:42,271 - forward_checking_MRV_thread3 - INFO - Repetición 0 para n = 14
INFO:forward_checking_thread2:Repetición 0 para n = 14
INFO:forward_checking_MRV_thread3:Repetición 0 para n = 14
2025-09-25 20:44:42,284 - forward_checking_thread2 - INFO - Repetición 1 para n = 14
2025-09-25 20:44:42,286 - forward_checking_MRV_thread3 - INFO - Repetición 1 para n = 14
INFO:forward_checking_thread2:Repetición 1 para n = 14
INFO:forward_checking_MRV_thread3:Repetición 1 para n = 14
2025-09-25 20:44:42,324 - forward_checking_thread2 - INFO - Repetición 2 para n = 14
INFO:forward_checking_thread2:Repetición 2 para n = 14
2025-09-25 20:44:42,325 - forward_checking_MRV_thread3 - INFO - Repetición 2 para n = 14
INFO:forward_checking_MRV_thread3:Repetición 2 para n = 14
2025-09-25 20:44:42,356 - forward_checking_MRV_thread3 - INFO - Repetición 3 para n = 14
INFO:forward_checking_MRV_thread3:Repetición 3 para n = 14
2025-09-25 20:44:42,357 - forward_checking_MRV_thread3 - INFO - Experimento forward checking MRV para n = 16
INFO:forward_checking_MRV_thread3:Experimento forward checking MRV para n = 16
2025-09-25 20:44:42,357 - forward_checking_MRV_thread3 - INFO - Repetición 0 para n = 16
INFO:forward_checking_MRV_thread3:Repetición 0 para n = 16
2025-09-25 20:44:42,358 - forward_checking_MRV_thread3 - INFO - Repetición 1 para n = 16
INFO:forward_checking_MRV_thread3:Repetición 1 para n = 16
2025-09-25 20:44:42,358 - forward_checking_MRV_thread3 - INFO - Repetición 2 para n = 16
INFO:forward_checking_MRV_thread3:Repetición 2 para n = 16
2025-09-25 20:44:42,359 - forward_checking_MRV_thread3 - INFO - Repetición 3 para n = 16
INFO:forward_checking_MRV_thread3:Repetición 3 para n = 16
2025-09-25 20:44:42,362 - forward_checking_thread2 - INFO - Repetición 3 para n = 14
INFO:forward_checking_thread2:Repetición 3 para n = 14
2025-09-25 20:44:42,365 - forward_checking_MRV_thread3 - INFO - Experimento forward checking MRV para n = 18
2025-09-25 20:44:42,364 - backtracking_thread1 - INFO - Repetición 2 para n = 14
INFO:backtracking_thread1:Repetición 2 para n = 14
2025-09-25 20:44:42,373 - forward_checking_thread2 - INFO - Experimento forward checking para n = 16
INFO:forward_checking_MRV_thread3:Experimento forward checking MRV para n = 18
2025-09-25 20:44:42,394 - forward_checking_MRV_thread3 - INFO - Repetición 0 para n = 18
INFO:forward_checking_thread2:Experimento forward checking para n = 16
2025-09-25 20:44:42,394 - forward_checking_thread2 - INFO - Repetición 0 para n = 16
INFO:forward_checking_MRV_thread3:Repetición 0 para n = 18
2025-09-25 20:44:42,395 - forward_checking_MRV_thread3 - INFO - Repetición 1 para n = 18
INFO:forward_checking_thread2:Repetición 0 para n = 16
INFO:forward_checking_MRV_thread3:Repetición 1 para n = 18
2025-09-25 20:44:42,427 - forward_checking_MRV_thread3 - INFO - Repetición 2 para n = 18
INFO:forward_checking_MRV_thread3:Repetición 2 para n = 18
2025-09-25 20:44:42,449 - forward_checking_MRV_thread3 - INFO - Repetición 3 para n = 18
INFO:forward_checking_MRV_thread3:Repetición 3 para n = 18
2025-09-25 20:44:42,471 - forward_checking_MRV_thread3 - INFO - Experimento forward checking MRV para n = 20
INFO:forward_checking_MRV_thread3:Experimento forward checking MRV para n = 20
2025-09-25 20:44:42,471 - forward_checking_MRV_thread3 - INFO - Repetición 0 para n = 20
INFO:forward_checking_MRV_thread3:Repetición 0 para n = 20
2025-09-25 20:44:42,473 - forward_checking_MRV_thread3 - INFO - Repetición 1 para n = 20
INFO:forward_checking_MRV_thread3:Repetición 1 para n = 20
2025-09-25 20:44:42,474 - forward_checking_MRV_thread3 - INFO - Repetición 2 para n = 20
INFO:forward_checking_MRV_thread3:Repetición 2 para n = 20
2025-09-25 20:44:42,476 - forward_checking_MRV_thread3 - INFO - Repetición 3 para n = 20
INFO:forward_checking_MRV_thread3:Repetición 3 para n = 20
2025-09-25 20:44:42,484 - backtracking_thread1 - INFO - Repetición 3 para n = 14
INFO:backtracking_thread1:Repetición 3 para n = 14
2025-09-25 20:44:42,514 - forward_checking_thread2 - INFO - Repetición 1 para n = 16
INFO:forward_checking_thread2:Repetición 1 para n = 16
2025-09-25 20:44:42,599 - forward_checking_thread2 - INFO - Repetición 2 para n = 16
INFO:forward_checking_thread2:Repetición 2 para n = 16
2025-09-25 20:44:42,626 - backtracking_thread1 - INFO - Experimento backtracking para n = 16
INFO:backtracking_thread1:Experimento backtracking para n = 16
2025-09-25 20:44:42,626 - backtracking_thread1 - INFO - Repetición 0 para n = 16
INFO:backtracking_thread1:Repetición 0 para n = 16
2025-09-25 20:44:42,686 - forward_checking_thread2 - INFO - Repetición 3 para n = 16
INFO:forward_checking_thread2:Repetición 3 para n = 16
2025-09-25 20:44:42,771 - forward_checking_thread2 - INFO - Experimento forward checking para n = 18
INFO:forward_checking_thread2:Experimento forward checking para n = 18
2025-09-25 20:44:42,772 - forward_checking_thread2 - INFO - Repetición 0 para n = 18
INFO:forward_checking_thread2:Repetición 0 para n = 18
2025-09-25 20:44:43,150 - forward_checking_thread2 - INFO - Repetición 1 para n = 18
INFO:forward_checking_thread2:Repetición 1 para n = 18
2025-09-25 20:44:43,531 - forward_checking_thread2 - INFO - Repetición 2 para n = 18
INFO:forward_checking_thread2:Repetición 2 para n = 18
2025-09-25 20:44:43,666 - backtracking_thread1 - INFO - Repetición 1 para n = 16
INFO:backtracking_thread1:Repetición 1 para n = 16
2025-09-25 20:44:43,916 - forward_checking_thread2 - INFO - Repetición 3 para n = 18
INFO:forward_checking_thread2:Repetición 3 para n = 18
2025-09-25 20:44:44,285 - forward_checking_thread2 - INFO - Experimento forward checking para n = 20
INFO:forward_checking_thread2:Experimento forward checking para n = 20
2025-09-25 20:44:44,285 - forward_checking_thread2 - INFO - Repetición 0 para n = 20
INFO:forward_checking_thread2:Repetición 0 para n = 20
2025-09-25 20:44:44,685 - backtracking_thread1 - INFO - Repetición 2 para n = 16
INFO:backtracking_thread1:Repetición 2 para n = 16
2025-09-25 20:44:45,726 - backtracking_thread1 - INFO - Repetición 3 para n = 16
INFO:backtracking_thread1:Repetición 3 para n = 16
2025-09-25 20:44:46,228 - forward_checking_thread2 - INFO - Repetición 1 para n = 20
INFO:forward_checking_thread2:Repetición 1 para n = 20
2025-09-25 20:44:46,726 - backtracking_thread1 - INFO - Experimento backtracking para n = 18
INFO:backtracking_thread1:Experimento backtracking para n = 18
2025-09-25 20:44:46,737 - backtracking_thread1 - INFO - Repetición 0 para n = 18
INFO:backtracking_thread1:Repetición 0 para n = 18
2025-09-25 20:44:48,140 - forward_checking_thread2 - INFO - Repetición 2 para n = 20
INFO:forward_checking_thread2:Repetición 2 para n = 20
2025-09-25 20:44:50,077 - forward_checking_thread2 - INFO - Repetición 3 para n = 20
INFO:forward_checking_thread2:Repetición 3 para n = 20
2025-09-25 20:44:52,169 - backtracking_thread1 - INFO - Repetición 1 para n = 18
INFO:backtracking_thread1:Repetición 1 para n = 18
2025-09-25 20:44:54,914 - backtracking_thread1 - INFO - Repetición 2 para n = 18
INFO:backtracking_thread1:Repetición 2 para n = 18
2025-09-25 20:44:57,627 - backtracking_thread1 - INFO - Repetición 3 para n = 18
INFO:backtracking_thread1:Repetición 3 para n = 18
2025-09-25 20:45:00,380 - backtracking_thread1 - INFO - Experimento backtracking para n = 20
INFO:backtracking_thread1:Experimento backtracking para n = 20
2025-09-25 20:45:00,380 - backtracking_thread1 - INFO - Repetición 0 para n = 20
INFO:backtracking_thread1:Repetición 0 para n = 20
2025-09-25 20:45:17,754 - backtracking_thread1 - INFO - Repetición 1 para n = 20
INFO:backtracking_thread1:Repetición 1 para n = 20
2025-09-25 20:45:34,960 - backtracking_thread1 - INFO - Repetición 2 para n = 20
INFO:backtracking_thread1:Repetición 2 para n = 20
2025-09-25 20:45:52,207 - backtracking_thread1 - INFO - Repetición 3 para n = 20
INFO:backtracking_thread1:Repetición 3 para n = 20
2025-09-25 20:46:09,474 - __main__ - INFO - Todos los experimentos completados en 87.34 segundos
INFO:__main__:Todos los experimentos completados en 87.34 segundos
